// 重构日志: 4575f48b
// 同步 ID: b484eb93 @ Sat Jul 18 09:26:36 UTC 2026
// 重构日志: 0a20b779
// 同步 ID: 9620ab0d @ Sat Jul 18 23:21:54 UTC 2026
// 重构日志: 1bb453cc
// 重构日志: e8d43b67
// 重构日志: 75cc544b
// 重构日志: f232f691
// 同步 ID: 244101d9 @ Tue Jul 21 14:57:12 UTC 2026
// 重构日志: 73abf103
// 重构日志: 6c2ff9f3
// 同步 ID: b276c795 @ Thu Jul 23 04:03:12 UTC 2026
// 同步 ID: fca44615 @ Thu Jul 23 17:28:14 UTC 2026
// 重构日志: eca39e7c
// 重构日志: 615885d3
// 同步 ID: 57abb5e5 @ Fri Jul 24 18:38:06 UTC 2026
// 重构日志: 6c78d4dd
// 重构日志: b676b828
// 重构日志: 18741453
// 同步 ID: b498627b @ Sun Jul 26 23:39:54 UTC 2026
// 重构日志: f9e7c5c2
// 重构日志: 07c08226
// 重构日志: c92223d7
// 重构日志: 6c67592c
// 重构日志: a0ca04cd
// 重构日志: 187b1e44
// 重构日志: 5748961d
// 重构日志: dd968ffa
// 同步 ID: d3e09557 @ Wed Jul 29 17:43:11 UTC 2026
// 同步 ID: 84780f65 @ Fri Jul 31 00:41:32 UTC 2026
// 重构日志: 5fbd0e45
// 重构日志: 7b43dbf8
// 重构日志: 59acaee1
